 Container magistral-400-prometheus-1 Stopping 
 Container magistral-400-nginx-1 Stopping 
 Container magistral-400-prometheus-1 Stopped 
 Container magistral-400-prometheus-1 Removing 
 Container magistral-400-prometheus-1 Removed 
 Container magistral-400-nginx-1 Stopped 
 Container magistral-400-nginx-1 Removing 
 Container magistral-400-nginx-1 Removed 
 Container magistral-400-backend-1 Stopping 
 Container magistral-400-frontend-1 Stopping 
 Container magistral-400-frontend-1 Stopped 
 Container magistral-400-frontend-1 Removing 
 Container magistral-400-frontend-1 Removed 
 Container magistral-400-backend-1 Stopped 
 Container magistral-400-backend-1 Removing 
 Container magistral-400-backend-1 Removed 
 Container magistral-400-valkey-1 Stopping 
 Container magistral-400-ml-service-1 Stopping 
 Container magistral-400-postgres-1 Stopping 
 Container magistral-400-postgres-1 Stopped 
 Container magistral-400-postgres-1 Removing 
 Container magistral-400-postgres-1 Removed 
 Container magistral-400-valkey-1 Stopped 
 Container magistral-400-valkey-1 Removing 
 Container magistral-400-valkey-1 Removed 
 Container magistral-400-ml-service-1 Stopped 
 Container magistral-400-ml-service-1 Removing 
 Container magistral-400-ml-service-1 Removed 
 Network magistral-400_default Removing 
 Volume magistral-400_postgres-data Removing 
 Volume magistral-400_prometheus-data Removing 
 Volume magistral-400_valkey-data Removing 
 Volume magistral-400_prometheus-data Removed 
 Volume magistral-400_postgres-data Removed 
 Volume magistral-400_valkey-data Removed 
 Network magistral-400_default Removed 
 Image magistral-400-backend Building 
 Image magistral-400-frontend Building 
 Image magistral-400-ml-service Building 
#1 [internal] load local bake definitions
#1 reading from stdin 1.55kB done
#1 DONE 0.0s

#2 [frontend internal] load build definition from Dockerfile
#2 transferring dockerfile: 345B done
#2 DONE 0.0s

#3 [backend internal] load build definition from Dockerfile
#3 transferring dockerfile: 365B done
#3 DONE 0.0s

#4 [ml-service internal] load build definition from Dockerfile
#4 transferring dockerfile: 291B done
#4 DONE 0.0s

#5 [ml-service internal] load metadata for docker.io/library/python:3.12-slim
#5 ...

#6 [frontend internal] load metadata for docker.io/library/node:20-alpine
#6 DONE 0.6s

#7 [frontend internal] load metadata for docker.io/library/nginx:1.27-alpine
#7 DONE 0.6s

#5 [backend internal] load metadata for docker.io/library/python:3.12-slim
#5 DONE 0.6s

#8 [ml-service internal] load .dockerignore
#8 transferring context: 77B done
#8 DONE 0.0s

#9 [backend internal] load .dockerignore
#9 transferring context: 77B done
#9 DONE 0.0s

#10 [frontend internal] load .dockerignore
#10 transferring context: 58B done
#10 DONE 0.0s

#11 [ml-service internal] load build context
#11 transferring context: 537B done
#11 DONE 0.0s

#12 [backend internal] load build context
#12 transferring context: 30.77kB done
#12 DONE 0.0s

#13 [ml-service 1/5] FROM docker.io/library/python:3.12-slim@sha256:2f17fc044b579bab302c2e8054d3a686e2cb9a83de48e70534b94cd8ebbe06a9
#13 resolve docker.io/library/python:3.12-slim@sha256:2f17fc044b579bab302c2e8054d3a686e2cb9a83de48e70534b94cd8ebbe06a9 0.0s done
#13 DONE 0.0s

#14 [backend 3/5] COPY requirements.txt requirements-dev.txt ./
#14 CACHED

#15 [frontend build 1/6] FROM docker.io/library/node:20-alpine@sha256:fb4cd12c85ee03686f6af5362a0b0d56d50c58a04632e6c0fb8363f609372293
#15 resolve docker.io/library/node:20-alpine@sha256:fb4cd12c85ee03686f6af5362a0b0d56d50c58a04632e6c0fb8363f609372293 0.0s done
#15 DONE 0.0s

#16 [frontend stage-1 1/3] FROM docker.io/library/nginx:1.27-alpine@sha256:65645c7bb6a0661892a8b03b89d0743208a18dd2f3f17a54ef4b76fb8e2f2a10
#16 resolve docker.io/library/nginx:1.27-alpine@sha256:65645c7bb6a0661892a8b03b89d0743208a18dd2f3f17a54ef4b76fb8e2f2a10 0.0s done
#16 DONE 0.0s

#17 [ml-service 2/5] WORKDIR /app
#17 CACHED

#18 [ml-service 4/5] RUN pip install --no-cache-dir -r requirements.txt
#18 CACHED

#19 [ml-service 3/5] COPY requirements.txt ./
#19 CACHED

#20 [backend 4/5] RUN pip install --no-cache-dir -r requirements-dev.txt
#20 CACHED

#21 [ml-service 5/5] COPY . .
#21 CACHED

#22 [frontend internal] load build context
#22 transferring context: 3.90kB done
#22 DONE 0.0s

#23 [frontend stage-1 2/3] COPY nginx.conf /etc/nginx/conf.d/default.conf
#23 CACHED

#24 [frontend build 5/6] COPY . .
#24 CACHED

#25 [frontend build 4/6] RUN npm ci --no-audit --no-fund
#25 CACHED

#26 [frontend build 3/6] COPY package.json package-lock.json ./
#26 CACHED

#27 [frontend build 6/6] RUN npm run build
#27 CACHED

#28 [frontend build 2/6] WORKDIR /app
#28 CACHED

#29 [frontend stage-1 3/3] COPY --from=build /app/dist /usr/share/nginx/html
#29 CACHED

#30 [backend 5/5] COPY . .
#30 DONE 0.0s

#31 [ml-service] exporting to image
#31 exporting layers done
#31 exporting manifest sha256:b626d8450dc0347a4d5b84afe04e79d2e429fcef318844bb83c722403f353279 done
#31 exporting config sha256:48cdd4c23d811456390c0dfb4c2dde125bfc99ff01455625f76fd933a57fe995 done
#31 exporting attestation manifest sha256:5953db8ef648743229fc104ba320fc5c73a2fc01265bbe493adb3117e3276eeb 0.0s done
#31 exporting manifest list sha256:c8ee81571123d7a966af5a82cf7b259b2aa698aa8f81f0d0c4532445a6797db9 0.0s done
#31 naming to docker.io/library/magistral-400-ml-service:latest done
#31 unpacking to docker.io/library/magistral-400-ml-service:latest 0.0s done
#31 DONE 0.1s

#32 [frontend] exporting to image
#32 exporting layers done
#32 exporting manifest sha256:d9f33060d064651ddcf549941d181c9d87e43c5eb8b621ea3e5825e924e1e84e done
#32 exporting config sha256:d87fff839c9e08950296daa7b87155b017af8cd884b9df132b1fd0f5f4c6eb9c done
#32 exporting attestation manifest sha256:2bfe19c549296a6a6303150342d8d0cf8ef47c03042e8b6734bbe823ab5812e8 0.0s done
#32 exporting manifest list sha256:e569a43ac19fe217496da3267aa3a5b7ef18857e119342a68271a3f8382a5464 done
#32 naming to docker.io/library/magistral-400-frontend:latest done
#32 unpacking to docker.io/library/magistral-400-frontend:latest done
#32 DONE 0.1s

#33 [backend] exporting to image
#33 exporting layers 0.1s done
#33 exporting manifest sha256:955c1c9b1d930875302e2c91f807b7dcfedc5ebdc3effbc50bd65e3e7dcc91b8 0.0s done
#33 exporting config sha256:446979f29866a6451837928a387911fb8471981042484379c95b80c62360d4e6 done
#33 exporting attestation manifest sha256:d947fd9c1d9b4a4ac45b5b7e9f668c1aa99f99ffdfbaa8748f170e8da7332fb6 0.0s done
#33 exporting manifest list sha256:16b923b4407715e58a9ab4b1e061048194dfbac0767e0600c2181dfc5ced4166 0.0s done
#33 naming to docker.io/library/magistral-400-backend:latest done
#33 unpacking to docker.io/library/magistral-400-backend:latest 0.0s done
#33 DONE 0.3s

#34 [ml-service] resolving provenance for metadata file
#34 DONE 0.0s

#35 [frontend] resolving provenance for metadata file
#35 DONE 0.0s

#36 [backend] resolving provenance for metadata file
#36 DONE 0.0s
 Image magistral-400-ml-service Built 
 Image magistral-400-backend Built 
 Image magistral-400-frontend Built 
 Volume magistral-400_valkey-data Creating 
 Network magistral-400_default Creating 
 Volume magistral-400_valkey-data Creating 
 Volume magistral-400_postgres-data Creating 
 Volume magistral-400_postgres-data Creating 
 Network magistral-400_default Creating 
 Volume magistral-400_prometheus-data Creating 
 Volume magistral-400_prometheus-data Creating 
 Volume magistral-400_valkey-data Created 
 Volume magistral-400_valkey-data Created 
 Volume magistral-400_postgres-data Created 
 Volume magistral-400_postgres-data Created 
 Volume magistral-400_prometheus-data Created 
 Volume magistral-400_prometheus-data Created 
 Network magistral-400_default Created 
 Network magistral-400_default Created 
 Container magistral-400-valkey-1 Creating 
 Container magistral-400-ml-service-1 Creating 
 Container magistral-400-frontend-1 Creating 
 Container magistral-400-postgres-1 Creating 
 Container magistral-400-frontend-1 Created 
 Container magistral-400-valkey-1 Created 
 Container magistral-400-postgres-1 Created 
 Container magistral-400-ml-service-1 Created 
 Container magistral-400-backend-1 Creating 
 Container magistral-400-backend-1 Created 
 Container magistral-400-prometheus-1 Creating 
 Container magistral-400-nginx-1 Creating 
 Container magistral-400-prometheus-1 Created 
 Container magistral-400-nginx-1 Created 
 Container magistral-400-valkey-1 Starting 
 Container magistral-400-postgres-1 Starting 
 Container magistral-400-ml-service-1 Starting 
 Container magistral-400-frontend-1 Starting 
 Container magistral-400-valkey-1 Started 
 Container magistral-400-postgres-1 Started 
 Container magistral-400-ml-service-1 Started 
 Container magistral-400-valkey-1 Waiting 
 Container magistral-400-postgres-1 Waiting 
 Container magistral-400-frontend-1 Started 
 Container magistral-400-valkey-1 Healthy 
 Container magistral-400-postgres-1 Healthy 
 Container magistral-400-backend-1 Starting 
 Container magistral-400-backend-1 Started 
 Container magistral-400-prometheus-1 Starting 
 Container magistral-400-nginx-1 Starting 
 Container magistral-400-prometheus-1 Started 
 Container magistral-400-nginx-1 Started 
npm notice
npm notice New major version of npm available! 10.9.0 -> 12.1.0
npm notice Changelog: https://github.com/npm/cli/releases/tag/v12.1.0
npm notice To update run: npm install -g npm@12.1.0
npm notice
[1.8s] Магистраль 400
[4.3s] Вход
[5.7s] Маршрут
[9.7s] Следующий рейс
[15.2s] Расписание рейсов
[21.3s] Рейс «Чужое место»
[25.8s] Решение на время
[29.4s] Последствия
[39.6s] Итог рейса
[48.1s] Специвент
[52.6s] Hard: голосовое на английском
[61.4s] Ответ на английском
[78.0s] Специвент пройден
[81.5s] Турнир недели
[86.0s] Скорость решает
[115.2s] Живая таблица лидеров
[123.5s] Рейтинг проводников
[128.9s] Профиль
[141.5s] Панель руководителя
[154.6s] ИИ-ассистент
[164.4s] Магистраль 400
Frames: 3600, 21.5 fps, 167.4 s
WARNING: The requested image's platform (linux/amd64) does not match the detected host platform (linux/arm64/v8) and no specific platform was requested
Saved /Users/imzontik/IdeaProjects/magistral-400/demo-video/out/magistral-400-mobile.mp4 (168 s)
